{"ok":true,"command":"schema","data":{"key":"","schema_id":"","major":0,"title":"","keys":[],"available":["doctor","init","report","schema","status","task","task.add","task.dep","task.list","task.next","task.rm","task.set","task.show","verify","verify.detect","verify.history","verify.run","version","workflow","workflow.accept","workflow.set","workflow.show"],"schema_max":1,"count":22,"bytes":0},"error":null,"warnings":[],"schema":"ocaw/schema@1"}
