{"ok":true,"command":"status","data":{"root":"<ROOT>","project_type":"go","verify_cmd":"go test ./...","counts":{"blocked":0,"cancelled":0,"done":1,"in_progress":0,"pending":2},"total":3,"ready":["2"],"blocked":{"3":["2"]},"next":{"id":"2","title":"invariants","agent":"coder","tier":"","deps":["1"],"status":"pending","gates":[],"notes":"","updated":"<TS>","stuck":false},"stuck":[],"stuck_tasks":[],"last_verification":null,"budget":{"max_tokens":0,"spent_tokens":0,"declared":false,"remaining":0,"over_budget":false,"no_spend_report":true},"acceptance":{"total":0,"done":0,"all_done":false},"render":"current","history_truncated":false,"task":{"task":{"id":"3","title":"render","agent":"coder","tier":"","deps":["2"],"status":"pending","gates":[],"notes":"","updated":"<TS>","stuck":false},"unmet_deps":["2"],"dependents":[],"gates":[],"history":[],"runnable":false,"notes":[]},"notes":[]},"error":null,"warnings":[],"schema":"ocaw/status@1"}
