{"ok":false,"command":"task","data":{"subcommand":"list","task":null,"tasks":[],"removed":[],"counts":{"blocked":0,"cancelled":0,"done":0,"in_progress":0,"pending":0},"ready":[],"blocked":{},"created":false,"dry_run":false,"detail":{}},"error":{"code":"workspace_not_initialized","message":"no ocaw workspace at <ROOT>","hint":"ocaw init --dir <ROOT>"},"warnings":[],"schema":"ocaw/task@1"}
