{"ok":true,"command":"task","data":{"subcommand":"add","task":{"id":"1","title":"scaffold","agent":"coder","tier":"","deps":[],"status":"pending","gates":[],"notes":"","updated":"<TS>","stuck":false},"tasks":[],"removed":[],"counts":{"blocked":0,"cancelled":0,"done":0,"in_progress":0,"pending":1},"ready":["1"],"blocked":{},"created":true,"dry_run":false,"detail":{}},"error":null,"warnings":[],"schema":"ocaw/task@1"}
