{"ok":true,"command":"task","data":{"subcommand":"show","task":{"id":"3","title":"render","agent":"coder","tier":"","deps":["2"],"status":"pending","gates":[],"notes":"","updated":"<TS>","stuck":false},"tasks":[],"removed":[],"counts":{"blocked":0,"cancelled":0,"done":1,"in_progress":0,"pending":2},"ready":["2"],"blocked":{"3":["2"]},"created":false,"dry_run":false,"detail":{}},"error":null,"warnings":[],"schema":"ocaw/task@1"}
