{"ok":true,"command":"task","data":{"subcommand":"list","task":null,"tasks":[{"id":"1","title":"scaffold","agent":"coder","tier":"","deps":[],"status":"done","gates":[],"notes":"","updated":"<TS>","stuck":false},{"id":"2","title":"invariants","agent":"coder","tier":"","deps":["1"],"status":"pending","gates":[],"notes":"","updated":"<TS>","stuck":false},{"id":"3","title":"render","agent":"coder","tier":"","deps":["2"],"status":"pending","gates":[],"notes":"","updated":"<TS>","stuck":false}],"removed":[],"counts":{"blocked":0,"cancelled":0,"done":1,"in_progress":0,"pending":2},"ready":["2"],"blocked":{"3":["2"]},"created":false,"dry_run":false,"detail":{}},"error":null,"warnings":[],"schema":"ocaw/task@1"}
