{"ok":true,"command":"task","data":{"subcommand":"add","task":{"id":"4","title":"fourth","agent":"","tier":"","deps":[],"status":"pending","gates":[],"notes":"","updated":"<TS>","stuck":false},"tasks":[],"removed":[],"counts":{"blocked":0,"cancelled":0,"done":1,"in_progress":0,"pending":3},"ready":["2","4"],"blocked":{"3":["2"]},"created":true,"dry_run":true,"detail":{}},"error":null,"warnings":[],"schema":"ocaw/task@1"}
