{"ok":false,"command":"task","data":{"subcommand":"set","task":null,"tasks":[],"removed":[],"counts":{"blocked":0,"cancelled":0,"done":0,"in_progress":0,"pending":0},"ready":[],"blocked":{},"created":false,"dry_run":false,"detail":{"blocking":["2"],"from":"pending","task":"3","to":"in_progress"}},"error":{"code":"deps_unmet","message":"task \"3\" cannot start: dep is not finished: 2","hint":"ocaw task set 3 --status pending"},"warnings":[],"schema":"ocaw/task@1"}
