{"ok":false,"command":"verify","data":{"subcommand":"run","command":"","argv":[],"project_type":"","detected_from":"","saved":false,"attempts":[{"task":"1","gate":"test","command":"<ROOT>/gate.sh","status":"fail","exit":1,"at":"<TS>","attempts":1,"stuck":false,"timed_out":false,"skipped":false,"output_sha256":"9eab2ffed193da3f6305a2d8788919d2cd7badd8e026bbc44d10c3eda5c3aa79"}],"runs":[],"history_truncated":false,"timeout":"10m0s","skipped":[],"stuck":[],"notes":[],"dry_run":false},"error":{"code":"verify_failed","message":"gate \"test\" on task \"1\" failed with exit code 1","hint":"read the output, fix the cause, then run again: test"},"warnings":[],"schema":"ocaw/verify@1"}
