{"ok":false,"command":"verify","data":{"subcommand":"run","command":"","argv":[],"project_type":"","detected_from":"","saved":false,"attempts":[{"task":"1","gate":"test","command":"<ROOT>/gate.sh","status":"timeout","exit":null,"at":"<TS>","attempts":1,"stuck":false,"timed_out":true,"skipped":false,"output_sha256":"770ae575a81402872b2af4bc4e117e03d51f841a2069a95e325e6b0d284c7565"}],"runs":[],"history_truncated":false,"timeout":"1s","skipped":[],"stuck":[],"notes":[],"dry_run":false},"error":{"code":"verify_timeout","message":"gate \"test\" on task \"1\" did not finish within 1s","hint":"raise --timeout, or find out why the gate hangs: test"},"warnings":[],"schema":"ocaw/verify@1"}
