{"ok":true,"command":"verify","data":{"subcommand":"history","command":"","argv":[],"project_type":"","detected_from":"","saved":false,"attempts":[],"runs":[{"task":"1","gate":"test","cmd":["<ROOT>/gate.sh"],"status":"fail","exit":1,"at":"<TS>","output":"FAIL: two things are wrong\n\nocaw: the gate exited 1\n","output_sha256":"9eab2ffed193da3f6305a2d8788919d2cd7badd8e026bbc44d10c3eda5c3aa79"},{"task":"1","gate":"test","cmd":["<ROOT>/gate.sh"],"status":"fail","exit":1,"at":"<TS>","output":"FAIL: two things are wrong\n\nocaw: the gate exited 1\n","output_sha256":"9eab2ffed193da3f6305a2d8788919d2cd7badd8e026bbc44d10c3eda5c3aa79"}],"history_truncated":false,"timeout":"","skipped":[],"stuck":[],"notes":[],"dry_run":false},"error":null,"warnings":[],"schema":"ocaw/verify@1"}
