{"ok":true,"command":"workflow","data":{"subcommand":"accept","workflow":{"request":"ship the DAG surface","scope":"add, set, dep, rm, show, list, next","constraints":["stdlib only","no network"]},"acceptance":[{"id":"a1","text":"next follows the chain","done":true},{"id":"a2","text":"drift is detected","done":false}],"render":"current","accepted":"a1","accepted_set":true,"changed":[],"written":"WORKFLOW_STATE.md","dry_run":false,"detail":{}},"error":null,"warnings":[],"schema":"ocaw/workflow@1"}
