{"ok":true,"command":"workflow","data":{"subcommand":"set","workflow":{"request":"ship it","scope":"","constraints":["stdlib only"]},"acceptance":[{"id":"a1","text":"the DAG is validated","done":false}],"render":"current","accepted":"","accepted_set":false,"changed":["request","constraints","acceptance"],"written":"WORKFLOW_STATE.md","dry_run":false,"detail":{}},"error":null,"warnings":[],"schema":"ocaw/workflow@1"}
